[trial] QApplication ok (0.5s)
[USER MODE] Using 'user_data/' folder
[trial] import ok (0.8s)
[trial] modals neutralized
QFontDatabase: Cannot find font directory E:/Dev/python-embed/Lib/site-packages/PyQt6/Qt6/lib/fonts.
Note that Qt no longer ships fonts. Deploy some (from https://dejavu-fonts.github.io/ for example) or switch to fontconfig.
[Data Paths] User data: D:\Temp\SupervertalerPortable\refactoring\batch8-12\iso-trial\Supervertaler
[LangSettings] Loaded from settings.json: English → Dutch
📊 Creating database tables...
✓ Added external_source_path column to translation_memories
✓ Added external_last_sync_id column to translation_memories
✓ Added external_last_sync_date column to translation_memories
✓ Added external_last_mtime column to translation_memories
✓ Added bridged_to_trados column to translation_memories
✓ Added superlookup_enabled column to translation_memories (default: included)
✓ Added url column to termbase_terms
✓ Added source_abbreviation column to termbase_terms
✓ Added target_abbreviation column to termbase_terms
✅ Database tables created and committed successfully
🔍 Checking database schema for migrations...
🔍 Found termbase_terms columns: ['case_sensitive', 'client', 'context', 'created_date', 'definition', 'domain', 'forbidden', 'forbidden_terms', 'id', 'is_nontranslatable', 'modified_date', 'note', 'notes', 'part_of_speech', 'priority', 'project', 'project_id', 'source_abbreviation', 'source_lang', 'source_term', 'synonyms', 'target_abbreviation', 'target_lang', 'target_term', 'term_uuid', 'termbase_id', 'tm_source_id', 'url', 'usage_count']
⚠️ Migration needed - clipboard_history table missing
⚠️ Migration needed - termbase_synonyms table missing
⚠️ Migration needed - termbases.ai_inject column missing
⚠️ Migration needed - translation_units.target_hash index missing

============================================================
DATABASE MIGRATIONS
============================================================
✅ Database schema is up to date
📊 Creating termbase_synonyms table...
✅ termbase_synonyms table created successfully
✅ Synonym table schema is up to date
📊 Adding 'ai_inject' column to termbases...
  ✓ Column 'ai_inject' added successfully
📊 Creating clipboard_history table...
✅ clipboard_history table created successfully
✅ translation_units.target_hash ready — reverse exact matches are now indexed
============================================================
[LOG] [OK] Database connected: supervertaler.db
📊 Creating database tables...
✅ Database tables created and committed successfully
🔍 Checking database schema for migrations...
🔍 Found termbase_terms columns: ['case_sensitive', 'client', 'context', 'created_date', 'definition', 'domain', 'forbidden', 'forbidden_terms', 'id', 'is_nontranslatable', 'modified_date', 'note', 'notes', 'part_of_speech', 'priority', 'project', 'project_id', 'source_abbreviation', 'source_lang', 'source_term', 'synonyms', 'target_abbreviation', 'target_lang', 'target_term', 'term_uuid', 'termbase_id', 'tm_source_id', 'url', 'usage_count']
✅ Database schema is current - checking UUIDs...
[LOG] [OK] Database connected: supervertaler.db
[LOG] 🔌 Table signals connected: currentCellChanged, itemClicked, cellDoubleClicked, itemSelectionChanged
[LOG] TM Browser: Loaded 0 entries
[LOG] TM statistics refreshed
[LOG] 📋 Refreshing termbase list (project_id: 0)
[LOG]   Found 0 termbase(s) in database
[LOG] ✓ Prompt library already migrated (or no old structure found)
[LOG] ✓ Prompt library migration completed successfully
[LOG]   ✓ Created default prompt: Default Translation Prompt
[LOG]   ✓ Created default prompt: Default Proofreading Prompt
[LOG]   ✓ Created default prompt: UK to US English Localization
[LOG]   ✓ Created default prompt: Assess how I translated the current segment
[LOG]   ✓ Created default prompt: Define
[LOG]   ✓ Created default prompt: Explain selection (in general)
[LOG] ✓ Loaded 6 prompts from unified library
[LOG] [ChatBackend] No API keys found
[LOG] ✓ Attachment directories initialized: D:\Temp\SupervertalerPortable\refactoring\batch8-12\iso-trial\Supervertaler\workbench\ai_assistant
[Superlookup] SuperlookupTab.__init__ called
[Superlookup] theme_manager: False
[Superlookup] Successfully imported SuperlookupEngine
[Global Hotkeys] Manager available: True
[LOG] [Global Hotkeys] Manager available: True
[Global Hotkeys] Registering: ctrl+alt+q
[LOG] [Global Hotkeys] Registering: ctrl+alt+q
[GlobalHotkeyManager] Registered ctrl+alt+q (WinAPI)
[Global Hotkeys] Started: True
[LOG] [Global Hotkeys] Started: True
⌨ [Global Hotkeys] Registered via winapi: ctrl+alt+q
[LOG] ⌨ [Global Hotkeys] Registered via winapi: ctrl+alt+q
[LOG] ⌨ Global hotkeys registered (Ctrl+Alt+Q)
[LOG] Welcome to Supervertaler Workbench v1.10.371
[LOG] Supervertaler: The Ultimate Translation Workbench.
[LOG] 📊 Usage statistics declined – no data will be sent.
[LOG] Auto backup enabled: every 5 minute(s)
[LOG] ✓ UI chrome: compact
[Superlookup] SuperlookupTab.__init__ called
[Superlookup] theme_manager: True
[Superlookup] Successfully imported SuperlookupEngine
[trial] SupervertalerQt constructed (11.9s)
[trial] MAIN_TABS: 6 ['📝 Editor', '💾 TMs', '🏷️ Termbases', '✨ AI', '🔍 SuperLookup', '⚙️ Settings']
[LOG] [ChatBackend] No API keys found
[LOG] ✓ Alternating row colors applied
[CrossPlatformKeySender] AHK not found – will use PowerShell fallback
[trial] TM columns: 8 headers: ['TM Name', 'Languages', 'Entries', 'Read', 'Write', '🔍 SuperLookup', 'Last Modified', 'Description']
[trial] BRIDGE_COL present: False
[trial] PROBE_DONE
QThreadStorage: entry 1 destroyed before end of thread 0x1ea7b8af4c0
