[after] scenario=upgrade data_dir=D:\Temp\SupervertalerPortable\refactoring\b8-12\probes\iso-upgrade\Supervertaler pre-start snapshot: 12 files
[USER MODE] Using 'user_data/' folder
[after] PRE-FILE prompt_library/Proofread/Default/Default Proofreading Prompt.md c4367eb0eacacc8a
[after] PRE-FILE prompt_library/Proofread/Default/UK to US English Localization.md 4be26d55088d451b
[after] PRE-FILE prompt_library/QuickLauncher/Default/Assess how I translated the current segment.md 161a1bb794a3f3e2
[after] PRE-FILE prompt_library/QuickLauncher/Default/Define.md 22177b271b10515c
[after] PRE-FILE prompt_library/QuickLauncher/Default/Explain/Explain selection (in general).md 73737f1cdc78028d
[after] PRE-FILE prompt_library/Translate/Default/Default Translation Prompt.md f9dc039fe7d5fe02
[after] PRE-FILE resources/supervertaler.db 5c9dec1886cc01f5
[after] PRE-FILE resources/supervertaler.db-shm 1eebc9e148ec48b0
[after] PRE-FILE resources/supervertaler.db-wal a5c98d8c4e76f09d
[after] PRE-FILE workbench/ai_assistant/index.json 36b3e463aeba7232
[after] PRE-FILE workbench/settings/settings.json 262cc6143e80c233
[after] PRE-FILE workbench/settings/themes.json 52ee0685c3a14821
[after] QApplication ok (0.2s)
[after] modal dialogs neutralized (logging)
QFontDatabase: Cannot find font directory E:/Dev/python-embed/Lib/site-packages/PyQt6/Qt6/lib/fonts.
Note that Qt no longer ships fonts. Deploy some (from https://dejavu-fonts.github.io/ for example) or switch to fontconfig.
[Data Paths] User data: D:\Temp\SupervertalerPortable\refactoring\b8-11\probes\iso-upgrade\Supervertaler
[LangSettings] Loaded from settings.json: English → Dutch
📊 Creating database tables...
✅ Database tables created and committed successfully
🔍 Checking database schema for migrations...
🔍 Found termbase_terms columns: ['case_sensitive', 'client', 'context', 'created_date', 'definition', 'domain', 'forbidden', 'forbidden_terms', 'id', 'is_nontranslatable', 'modified_date', 'note', 'notes', 'part_of_speech', 'priority', 'project', 'project_id', 'source_abbreviation', 'source_lang', 'source_term', 'synonyms', 'target_abbreviation', 'target_lang', 'target_term', 'term_uuid', 'termbase_id', 'tm_source_id', 'url', 'usage_count']
✅ Database schema is current - checking UUIDs...
[LOG] [OK] Database connected: supervertaler.db
📊 Creating database tables...
✅ Database tables created and committed successfully
🔍 Checking database schema for migrations...
🔍 Found termbase_terms columns: ['case_sensitive', 'client', 'context', 'created_date', 'definition', 'domain', 'forbidden', 'forbidden_terms', 'id', 'is_nontranslatable', 'modified_date', 'note', 'notes', 'part_of_speech', 'priority', 'project', 'project_id', 'source_abbreviation', 'source_lang', 'source_term', 'synonyms', 'target_abbreviation', 'target_lang', 'target_term', 'term_uuid', 'termbase_id', 'tm_source_id', 'url', 'usage_count']
✅ Database schema is current - checking UUIDs...
[LOG] [OK] Database connected: supervertaler.db
[LOG] 🔌 Table signals connected: currentCellChanged, itemClicked, cellDoubleClicked, itemSelectionChanged
[LOG] TM Browser: Loaded 0 entries
[LOG] TM statistics refreshed
[LOG] 📋 Refreshing termbase list (project_id: 0)
[LOG]   Found 0 termbase(s) in database
[LOG] ✓ Prompt library already migrated (or no old structure found)
[LOG] ✓ Prompt library migration completed successfully
[LOG] ✓ Loaded 6 prompts from unified library
[LOG] [ChatBackend] No API keys found
[LOG] ✓ Attachment directories initialized: D:\Temp\SupervertalerPortable\refactoring\b8-11\probes\iso-upgrade\Supervertaler\workbench\ai_assistant
[Superlookup] SuperlookupTab.__init__ called
[Superlookup] theme_manager: False
[Superlookup] Successfully imported SuperlookupEngine
[Global Hotkeys] Manager available: True
[LOG] [Global Hotkeys] Manager available: True
[Global Hotkeys] Registering: ctrl+alt+q
[LOG] [Global Hotkeys] Registering: ctrl+alt+q
[GlobalHotkeyManager] Failed to register ctrl+alt+q (may be in use by another application)
[Global Hotkeys] Started: True
[LOG] [Global Hotkeys] Started: True
⚠ [Global Hotkeys] Failed to register: ctrl+alt+q (claimed by another app)
[LOG] ⚠ [Global Hotkeys] Failed to register: ctrl+alt+q (claimed by another app)
⌨ [Global Hotkeys] Registered via winapi: 
[LOG] ⌨ [Global Hotkeys] Registered via winapi: 
[LOG] ⚠ Global hotkeys: some failed to register: ctrl+alt+q
[LOG] Welcome to Supervertaler Workbench v1.10.371
[LOG] Supervertaler: The Ultimate Translation Workbench.
[LOG] Auto backup enabled: every 5 minute(s)
[LOG] ✓ UI chrome: compact
[after] SupervertalerQt constructed (7.7s)
[after] user_data_path: D:\Temp\SupervertalerPortable\refactoring\b8-11\probes\iso-upgrade\Supervertaler
[Superlookup] SuperlookupTab.__init__ called
[Superlookup] theme_manager: True
[Superlookup] Successfully imported SuperlookupEngine
[after] _warm_up_top_tabs() ok
[after] main_tabs (6): ['📝 Editor', '💾 TMs', '🏷️ Termbases', '✨ AI', '🔍 SuperLookup', '⚙️ Settings']
[after] settings pages (14): ['⚙️ General', '💾 Backup', '✍️ AutoCorrect', '🤖 AI Settings', '🌐 Language Pair', '🌐 MT Settings', '⚡ QuickTrans', '🔍 View Settings', '📝 System Prompts', '🐛 Debug', '📏 Segmentation Rules', '📄 File Types', '⌨️ Keyboard Shortcuts', '📋 Log']
[CrossPlatformKeySender] AHK not found – will use PowerShell fallback
[after] ChatViewWidget instances: 2
[after] CHIPS view#0 (ChatViewWidget): [('label', 'Context:', False, None), ('doc', '📄 Document', False, False), ('tm', '💾 TMs', False, False), ('termbase', '📚 Termbases', False, False), ('files', '📎 Files', False, False), ('stretch', '', None, None)]
[after] CHIPSTATE view#0: {'doc': False, 'tm': False, 'termbase': False, 'files': False}
[after] CHIPS view#1 (ChatViewWidget): [('label', 'Context:', False, None), ('doc', '📄 Document', False, False), ('tm', '💾 TMs', False, False), ('termbase', '📚 Termbases', False, False), ('files', '📎 Files', False, False), ('stretch', '', None, None)]
[after] CHIPSTATE view#1: {'doc': False, 'tm': False, 'termbase': False, 'files': False}
[after] COUNTERS chatview#0: QTimer=0 QThread=0
[after] COUNTERS chatview#1: QTimer=0 QThread=0
[after] COUNTERS prompt_manager_qt: (not a QObject)
[after] COUNTERS pm.chat_backend: QTimer=0 QThread=0
[after] COUNTERS pm._ai_tab_chat_view: QTimer=0 QThread=0
[after] COUNTERS pm._grid_chat_view: QTimer=0 QThread=0
[after] POLLER/CLIENT: module modules.trados_bridge_client absent
[after] QThreadPool.globalInstance: active=0 max=20
[after] QApplication.findChildren(QThread): 0
[LOG] ✓ Alternating row colors applied
[after] window.close() ok
[after] DATA-TREE (29 entries under D:\Temp\SupervertalerPortable\refactoring\b8-11\probes\iso-upgrade\Supervertaler):
[after] TREE prompt_library
[after] TREE prompt_library/Proofread
[after] TREE prompt_library/Proofread/Default
[after] TREE prompt_library/Proofread/Default/Default Proofreading Prompt.md
[after] TREE prompt_library/Proofread/Default/UK to US English Localization.md
[after] TREE prompt_library/QuickLauncher
[after] TREE prompt_library/QuickLauncher/Default
[after] TREE prompt_library/QuickLauncher/Default/Assess how I translated the current segment.md
[after] TREE prompt_library/QuickLauncher/Default/Define.md
[after] TREE prompt_library/QuickLauncher/Default/Explain
[after] TREE prompt_library/QuickLauncher/Default/Explain/Explain selection (in general).md
[after] TREE prompt_library/Translate
[after] TREE prompt_library/Translate/Default
[after] TREE prompt_library/Translate/Default/Default Translation Prompt.md
[after] TREE resources
[after] TREE resources/supervertaler.db
[after] TREE resources/supervertaler.db-shm
[after] TREE resources/supervertaler.db-wal
[after] TREE workbench
[after] TREE workbench/ai_assistant
[after] TREE workbench/ai_assistant/attachments
[after] TREE workbench/ai_assistant/attachments/20261009
[after] TREE workbench/ai_assistant/attachments/20261010
[after] TREE workbench/ai_assistant/conversations
[after] TREE workbench/ai_assistant/index.json
[after] TREE workbench/dictionaries
[after] TREE workbench/settings
[after] TREE workbench/settings/settings.json
[after] TREE workbench/settings/themes.json
[after] HASH-DIFF (of D:\Temp\SupervertalerPortable\refactoring\b8-12\probes\iso-upgrade\Supervertaler) added=[] removed=[] changed=[] transient=[]
[after] PROBE OK (8.1s)
QThreadStorage: entry 1 destroyed before end of thread 0x1f167ea3c70
