[USER MODE] Using 'user_data/' folder
[before2] QApplication ok (0.2s)
QFontDatabase: Cannot find font directory E:/Dev/python-embed/Lib/site-packages/PyQt6/Qt6/lib/fonts.
Note that Qt no longer ships fonts. Deploy some (from https://dejavu-fonts.github.io/ for example) or switch to fontconfig.
[Data Paths] User data: D:\Temp\SupervertalerPortable\refactoring\b8-12\smoke\iso\Supervertaler
[LangSettings] Loaded from settings.json: English → Dutch
📊 Creating database tables...
✓ Added external_source_path column to translation_memories
✓ Added external_last_sync_id column to translation_memories
✓ Added external_last_sync_date column to translation_memories
✓ Added external_last_mtime column to translation_memories
✓ Added bridged_to_trados column to translation_memories
✓ Added superlookup_enabled column to translation_memories (default: included)
✓ Added url column to termbase_terms
✓ Added source_abbreviation column to termbase_terms
✓ Added target_abbreviation column to termbase_terms
✅ Database tables created and committed successfully
🔍 Checking database schema for migrations...
🔍 Found termbase_terms columns: ['case_sensitive', 'client', 'context', 'created_date', 'definition', 'domain', 'forbidden', 'forbidden_terms', 'id', 'is_nontranslatable', 'modified_date', 'note', 'notes', 'part_of_speech', 'priority', 'project', 'project_id', 'source_abbreviation', 'source_lang', 'source_term', 'synonyms', 'target_abbreviation', 'target_lang', 'target_term', 'term_uuid', 'termbase_id', 'tm_source_id', 'url', 'usage_count']
⚠️ Migration needed - clipboard_history table missing
⚠️ Migration needed - termbase_synonyms table missing
⚠️ Migration needed - termbases.ai_inject column missing
⚠️ Migration needed - translation_units.target_hash index missing

============================================================
DATABASE MIGRATIONS
============================================================
✅ Database schema is up to date
📊 Creating termbase_synonyms table...
✅ termbase_synonyms table created successfully
✅ Synonym table schema is up to date
📊 Adding 'ai_inject' column to termbases...
  ✓ Column 'ai_inject' added successfully
📊 Creating clipboard_history table...
✅ clipboard_history table created successfully
✅ translation_units.target_hash ready — reverse exact matches are now indexed
============================================================
[LOG] [OK] Database connected: supervertaler.db
📊 Creating database tables...
✅ Database tables created and committed successfully
🔍 Checking database schema for migrations...
🔍 Found termbase_terms columns: ['case_sensitive', 'client', 'context', 'created_date', 'definition', 'domain', 'forbidden', 'forbidden_terms', 'id', 'is_nontranslatable', 'modified_date', 'note', 'notes', 'part_of_speech', 'priority', 'project', 'project_id', 'source_abbreviation', 'source_lang', 'source_term', 'synonyms', 'target_abbreviation', 'target_lang', 'target_term', 'term_uuid', 'termbase_id', 'tm_source_id', 'url', 'usage_count']
✅ Database schema is current - checking UUIDs...
[LOG] [OK] Database connected: supervertaler.db
[LOG] 🔌 Table signals connected: currentCellChanged, itemClicked, cellDoubleClicked, itemSelectionChanged
[LOG] TM Browser: Loaded 0 entries
[LOG] TM statistics refreshed
[LOG] 📋 Refreshing termbase list (project_id: 0)
[LOG]   Found 0 termbase(s) in database
[LOG] ✓ Prompt library already migrated (or no old structure found)
[LOG] ✓ Prompt library migration completed successfully
[LOG]   ✓ Created default prompt: Default Translation Prompt
[LOG]   ✓ Created default prompt: Default Proofreading Prompt
[LOG]   ✓ Created default prompt: UK to US English Localization
[LOG]   ✓ Created default prompt: Assess how I translated the current segment
[LOG]   ✓ Created default prompt: Define
[LOG]   ✓ Created default prompt: Explain selection (in general)
[LOG] ✓ Loaded 6 prompts from unified library
[LOG] [ChatBackend] No API keys found
[LOG] ✓ Attachment directories initialized: D:\Temp\SupervertalerPortable\refactoring\b8-12\smoke\iso\Supervertaler\workbench\ai_assistant
[Superlookup] SuperlookupTab.__init__ called
[Superlookup] theme_manager: False
[Superlookup] Successfully imported SuperlookupEngine
[Global Hotkeys] Manager available: True
[LOG] [Global Hotkeys] Manager available: True
[Global Hotkeys] Registering: ctrl+alt+q
[LOG] [Global Hotkeys] Registering: ctrl+alt+q
[GlobalHotkeyManager] Failed to register ctrl+alt+q (may be in use by another application)
[Global Hotkeys] Started: True
[LOG] [Global Hotkeys] Started: True
⚠ [Global Hotkeys] Failed to register: ctrl+alt+q (claimed by another app)
[LOG] ⚠ [Global Hotkeys] Failed to register: ctrl+alt+q (claimed by another app)
⌨ [Global Hotkeys] Registered via winapi: 
[LOG] ⌨ [Global Hotkeys] Registered via winapi: 
[LOG] ⚠ Global hotkeys: some failed to register: ctrl+alt+q
[LOG] Welcome to Supervertaler Workbench v1.10.371
[LOG] Supervertaler: The Ultimate Translation Workbench.
[LOG] 📊 Usage statistics declined – no data will be sent.
[LOG] Auto backup enabled: every 5 minute(s)
[LOG] ✓ UI chrome: compact
[before2] window built (9.5s)
[LOG] ✓ Alternating row colors applied
[Superlookup] SuperlookupTab.__init__ called
[Superlookup] theme_manager: True
[Superlookup] Successfully imported SuperlookupEngine
[CrossPlatformKeySender] AHK not found – will use PowerShell fallback
[LOG] ℹ️ Okapi sidecar not installed yet – will offer to download on first DOCX import
[before2] event loop pumped 6s
[before2] menu items: 44
[before2] ITEM Project/New Project: no-exception | new-widgets=['QFrame'] | side-effects=["QDialog.exec QDialog 'New Translation Project'"]
[before2] ITEM Project/Open Project: no-exception | new-widgets=[] | side-effects=[]
[before2] ITEM Project/Save: no-exception | new-widgets=[] | side-effects=[]
[before2] ITEM Project/Save As: no-exception | new-widgets=[] | side-effects=[]
[before2] ITEM Project/Close Project: no-exception | new-widgets=[] | side-effects=[]
[before2] ITEM Project/Import/Document: no-exception | new-widgets=[] | side-effects=[]
[before2] ITEM Project/Import/Text-Markdown: no-exception | new-widgets=[] | side-effects=[]
[before2] ITEM Project/Import/Folder: no-exception | new-widgets=[] | side-effects=[]
[before2] ITEM Project/Import/GNU-gettext: EXC TypeError: SupervertalerQt.import_po_file() missing 1 required positional argument: 'self' | new-widgets=[] | side-effects=[]
[before2] ITEM Project/Import/Reimport/Bilingual-Table: no-exception | new-widgets=[] | side-effects=[]
[before2] ITEM Project/Import/Reimport/Bilingual-Text: no-exception | new-widgets=[] | side-effects=[]
[before2] ITEM Project/Import/Help-Formats: no-exception | new-widgets=['QFrame'] | side-effects=['openUrl https://docs.supervertaler.com/workbench/import-export/formats/']
[before2] ITEM Project/Export/Translated-Document: no-exception | new-widgets=[] | side-effects=[]
[before2] ITEM Project/Export/Simple-Text: no-exception | new-widgets=[] | side-effects=[]
[before2] ITEM Project/Export/GNU-gettext: no-exception | new-widgets=[] | side-effects=[]
[before2] ITEM Project/Export/Folder: no-exception | new-widgets=[] | side-effects=[]
[before2] ITEM Project/Export/Relocate-Source: no-exception | new-widgets=[] | side-effects=[]
[before2] ITEM Project/Export/Reimport/Bilingual-Table: no-exception | new-widgets=[] | side-effects=[]
[before2] ITEM Project/Export/Reimport/Bilingual-Text: no-exception | new-widgets=[] | side-effects=[]
[before2] ITEM Project/Export/TMX-from-Grid: no-exception | new-widgets=[] | side-effects=[]
[before2] ITEM Project/Export/TMX-from-Selected: no-exception | new-widgets=[] | side-effects=[]
[before2] ITEM Project/Export/TMX-from-TM: no-exception | new-widgets=[] | side-effects=[]
[before2] ITEM Project/Export/Help-Formats: no-exception | new-widgets=[] | side-effects=['openUrl https://docs.supervertaler.com/workbench/import-export/formats/']
[before2] ITEM Project/Project-Info: no-exception | new-widgets=[] | side-effects=[]
[before2] ITEM Tools/PDF-Rescue: EXC ModuleNotFoundError: No module named 'fitz' | new-widgets=['QFrame', 'QMenu'] | side-effects=[]
This plugin does not support raise()
[LOG] [Concordance] Opening Superlookup (no selection)
[before2] ITEM Tools/Superlookup: no-exception | new-widgets=['QFrame'] | side-effects=[]
This plugin does not support propagateSizeHints()
[Superlookup] Languages + resource lists populated on first show
[Workbench] ⚠ Windows refused to hand Workbench keyboard focus after the summon – Esc / arrow keys may still act on the previous app. Click once inside Workbench to fix.
[LOG] ⚠ Windows refused to hand Workbench keyboard focus after the summon – Esc / arrow keys may still act on the previous app. Click once inside Workbench to fix.
[before2] ITEM Tools/TMX-Editor: no-exception | new-widgets=['QFrame', 'QMenu'] | side-effects=[]
[before2] ITEM Tools/Statistics: no-exception | new-widgets=[] | side-effects=[]
[before2] ITEM Tools/Quick-Count: no-exception | new-widgets=[] | side-effects=[]
[before2] ITEM Tools/Image-Extractor: no-exception | new-widgets=[] | side-effects=[]
[before2] ITEM Tools/Scratchpad: no-exception | new-widgets=[] | side-effects=[]
This plugin does not support propagateSizeHints()
This plugin does not support raise()
[LOG] 🪟 Log window detached
[before2] ITEM Tools/Log-Window: no-exception | new-widgets=['QFrame'] | side-effects=[]
[before2] ITEM Tools/Token-Usage-Costs: no-exception | new-widgets=['QFrame'] | side-effects=["QDialog.exec UsageReportDialog 'Token Usage & Costs'"]
[before2] ITEM Tools/Settings: no-exception | new-widgets=[] | side-effects=[]
[before2] ITEM Help/Workbench-Help: no-exception | new-widgets=[] | side-effects=['webbrowser.open https://docs.supervertaler.com/workbench/']
[before2] ITEM Help/Keyboard-Shortcuts: no-exception | new-widgets=[] | side-effects=['openUrl https://docs.supervertaler.com/workbench/editor/keyboard-shortcuts/']
[before2] ITEM Help/Changelog: no-exception | new-widgets=[] | side-effects=['webbrowser.open https://github.com/Supervertaler/Supervertaler-Workbench/blob/main/CHANGELOG.md']
[before2] ITEM Help/Check-for-Updates: no-exception | new-widgets=[] | side-effects=['webbrowser.open https://github.com/Supervertaler/Supervertaler-Workbench/releases/latest']
[before2] ITEM Help/Copy-Version-Info: no-exception | new-widgets=['QFrame'] | side-effects=[]
[before2] ITEM Help/Open-Diagnostic-Log: no-exception | new-widgets=[] | side-effects=[]
[before2] ITEM Help/Open-Log-Folder: no-exception | new-widgets=[] | side-effects=['openUrl file:///D:/Temp/SupervertalerPortable/refactoring/b8-12/smoke/iso/Supervertaler/workbench/logs']
[before2] ITEM Help/Community-Discussions: no-exception | new-widgets=[] | side-effects=['webbrowser.open https://github.com/orgs/Supervertaler/discussions']
[before2] ITEM Help/GitHub-Repository: no-exception | new-widgets=[] | side-effects=['webbrowser.open https://github.com/Supervertaler/Supervertaler-Workbench']
[before2] ITEM Help/About: no-exception | new-widgets=['QFrame'] | side-effects=["QDialog.exec QDialog 'About Supervertaler Workbench'"]
[before2] SMOKE OK (16.8s)
